
> vite_react_shadcn_ts@0.0.0 build
> vite build

[36mvite v7.3.0 [32mbuilding client environment for production...[36m[39m
transforming...
Browserslist: browsers data (caniuse-lite) is 8 months old. Please run:
  npx update-browserslist-db@latest
  Why you should do it regularly: https://github.com/browserslist/update-db#readme

/patterns/circuit-board.svg referenced in /patterns/circuit-board.svg didn't resolve at build time, it will remain unchanged to be resolved at runtime
[32m✓[39m 2502 modules transformed.
rendering chunks...
computing gzip size...
[2mbuild/[22m[32mindex.html                 [39m[1m[2m  8.20 kB[22m[1m[22m[2m │ gzip:   2.17 kB[22m
[2mbuild/[22m[35massets/index-B1Fp1hC-.css  [39m[1m[2m109.88 kB[22m[1m[22m[2m │ gzip:  17.15 kB[22m
[2mbuild/[22m[36massets/react-a60FRYb2.js   [39m[1m[2m161.84 kB[22m[1m[22m[2m │ gzip:  53.07 kB[22m
[2mbuild/[22m[36massets/index-CSLk3he6.js   [39m[1m[33m948.12 kB[39m[22m[2m │ gzip: 235.91 kB[22m

(!) Some chunks are larger than 500 kB after minification. Consider:
- Using dynamic import() to code-split the application
- Use build.rollupOptions.output.manualChunks to improve chunking: https://rollupjs.org/configuration-options/#output-manualchunks
- Adjust chunk size limit for this warning via build.chunkSizeWarningLimit.
[32m✓ built in 23.59s[39m
